[undgn.id/silvi-aldi/index47b5.html]
[backblue.gif]
[fade.gif]
[index.html]
[undgn.id/silvi-aldi/img/cover/previewcover_05112024071708AM.jpg]
[undgn.id/silvi-aldi/img/favicon/apple-icon-57x57.png]
[undgn.id/silvi-aldi/img/favicon/apple-icon-60x60.png]
[undgn.id/silvi-aldi/img/favicon/apple-icon-72x72.png]
[undgn.id/silvi-aldi/img/favicon/apple-icon-76x76.png]
[undgn.id/silvi-aldi/img/favicon/apple-icon-114x114.png]
[undgn.id/silvi-aldi/img/favicon/apple-icon-120x120.png]
[undgn.id/silvi-aldi/img/favicon/apple-icon-144x144.png]
[undgn.id/silvi-aldi/img/favicon/apple-icon-152x152.png]
[undgn.id/silvi-aldi/img/favicon/apple-icon-180x180.png]
[undgn.id/silvi-aldi/img/favicon/android-icon-192x192.png]
[undgn.id/silvi-aldi/img/favicon/favicon-32x32.png]
[undgn.id/silvi-aldi/img/favicon/favicon-96x96.png]
[undgn.id/silvi-aldi/img/favicon/favicon-16x16.png]
[undgn.id/silvi-aldi/img/favicon/manifest.json]
[undgn.id/silvi-aldi/img/favicon/ms-icon-144x144.png]
[undgn.id/silvi-aldi/css/bootstrap.min.css]
[unpkg.com/boxicons@2.1.4/css/boxicons.min.css]
[cdnjs.cloudflare.com/ajax/libs/font-awesome/4.7.0/css/font-awesome.min.css]
[cdnjs.cloudflare.com/ajax/libs/font-awesome/5.15.4/css/all.css]
[undgn.id/silvi-aldi/css/ilove/font-ilove.css]
[cdn.jsdelivr.net/npm/sweetalert2@10.10.1/dist/sweetalert2.min.css]
[undgn.id/silvi-aldi/css/animate.css]
[undgn.id/silvi-aldi/css/magnific-popup.css]
[undgn.id/silvi-aldi/css/owl.carousel.css]
[undgn.id/silvi-aldi/css/owl.theme.css]
[cdn.jsdelivr.net/npm/swiper@11/swiper-bundle.min.css]
[cdn.jsdelivr.net/npm/@fancyapps/ui@5.0/dist/fancybox/fancybox.css]
[undgn.id/silvi-aldi/js/modernizr.custom.86080.js]
[cdn.staticfile.org/jquery/2.1.1/jquery.min.js]
[undgn.id/silvi-aldi/js/jquery-3.5.1.min.js]
[cdn.jsdelivr.net/npm/sweetalert2@10.10.1/dist/sweetalert2.all.min.js]
[ajax.googleapis.com/ajax/libs/jquery/1.5.1/jquery.min.js]
[code.jquery.com/jquery-1.8.3.js]
[undgn.id/silvi-aldi/js/pre.js]
[undgn.id/silvi-aldi/css/font/fonts/mathanifo-script-dafont.ttf]
[undgn.id/silvi-aldi/css/font/fonts/cochocib-script-latin-pro.ttf]
[undgn.id/silvi-aldi/css/font/fonts/StayClassySldt.otf]
[undgn.id/silvi-aldi/css/font/fonts/Great Vibes-script-dafont.html]
[undgn.id/silvi-aldi/css/font/fonts/Hiddenlove.otf]
[undgn.id/silvi-aldi/css/font/fonts/alsscrp.ttf]
[undgn.id/silvi-aldi/css/font/fonts/AlluraRegular.ttf]
[undgn.id/silvi-aldi/css/font/fonts/AlexBrush.ttf]
[undgn.id/silvi-aldi/css/font/fonts/SechilliaRuster.ttf]
[undgn.id/silvi-aldi/css/font/fonts/Niconne-Regular.ttf]
[undgn.id/silvi-aldi/css/font/fonts/LeckerliOne-Regular.ttf]
[undgn.id/silvi-aldi/css/font/fonts/Lobster-Regular.ttf]
[undgn.id/silvi-aldi/css/font/fonts/LobsterTwo-Regular.ttf]
[undgn.id/silvi-aldi/css/font/fonts/PitcheyBloom.ttf]
[undgn.id/silvi-aldi/css/font/fonts/BerkshireSwash-Regular.ttf]
[undgn.id/silvi-aldi/css/font/fonts/Aniyah.eot]
[undgn.id/silvi-aldi/css/font/fonts/Aniyah.woff2]
[undgn.id/silvi-aldi/css/font/fonts/Aniyah.woff]
[undgn.id/silvi-aldi/css/font/fonts/Aniyah.otf]
[undgn.id/silvi-aldi/css/font/fonts/Aniyah.ttf]
[undgn.id/silvi-aldi/css/font/fonts/Amsterdam.ttf]
[undgn.id/silvi-aldi/css/font/fonts/BrittanySignature.eot]
[undgn.id/silvi-aldi/css/font/fonts/BrittanySignature.woff2]
[undgn.id/silvi-aldi/css/font/fonts/BrittanySignature.woff]
[undgn.id/silvi-aldi/css/font/fonts/BrittanySignature.otf]
[undgn.id/silvi-aldi/css/font/fonts/BrittanySignature.ttf]
[undgn.id/silvi-aldi/css/font/fonts/DancingScript.eot]
[undgn.id/silvi-aldi/css/font/fonts/DancingScript.woff2]
[undgn.id/silvi-aldi/css/font/fonts/DancingScript.woff]
[undgn.id/silvi-aldi/css/font/fonts/DancingScript.otf]
[undgn.id/silvi-aldi/css/font/fonts/DancingScript.ttf]
[undgn.id/silvi-aldi/css/font/fonts/MonolineSignature.eot]
[undgn.id/silvi-aldi/css/font/fonts/MonolineSignature.woff2]
[undgn.id/silvi-aldi/css/font/fonts/MonolineSignature.woff]
[undgn.id/silvi-aldi/css/font/fonts/MonolineSignature.html]
[undgn.id/silvi-aldi/css/font/fonts/MonolineSignature.ttf]
[undgn.id/silvi-aldi/css/font/fonts/LeJourScript.eot]
[undgn.id/silvi-aldi/css/font/fonts/LeJourScript.woff2]
[undgn.id/silvi-aldi/css/font/fonts/LeJourScript.woff]
[undgn.id/silvi-aldi/css/font/fonts/LeJourScript.otf]
[undgn.id/silvi-aldi/css/font/fonts/LeJourScript.ttf]
[undgn.id/silvi-aldi/css/font/fonts/PlayfairDisplay-Regular.eot]
[undgn.id/silvi-aldi/css/font/fonts/PlayfairDisplay-Regular.woff2]
[undgn.id/silvi-aldi/css/font/fonts/PlayfairDisplay-Regular.woff]
[undgn.id/silvi-aldi/css/font/fonts/PlayfairDisplay-Regular.otf]
[undgn.id/silvi-aldi/css/font/fonts/PlayfairDisplay-Regular.ttf]
[undgn.id/silvi-aldi/css/font/fonts/Sacramento.eot]
[undgn.id/silvi-aldi/css/font/fonts/Sacramento.woff2]
[undgn.id/silvi-aldi/css/font/fonts/Sacramento.woff]
[undgn.id/silvi-aldi/css/font/fonts/Sacramento.otf]
[undgn.id/silvi-aldi/css/font/fonts/Sacramento.ttf]
[undgn.id/silvi-aldi/css/font/fonts/tangier-medium.eot]
[undgn.id/silvi-aldi/css/font/fonts/tangier-medium.woff2]
[undgn.id/silvi-aldi/css/font/fonts/tangier-medium.woff]
[undgn.id/silvi-aldi/css/font/fonts/tangier-medium.otf]
[undgn.id/silvi-aldi/css/font/fonts/tangier-medium.ttf]
[undgn.id/silvi-aldi/img/template-1/pattern.png]
[undgn.id/silvi-aldi/theme/template-1/theme-02/ryuyrd.webp]
[undgn.id/silvi-aldi/theme/template-1/theme-02/ryu66ry.webp]
[undgn.id/silvi-aldi/img/gallery/gall_06112024014516AM.webp]
[undgn.id/silvi-aldi/img/gallery/gall_06112024015320AM.webp]
[undgn.id/silvi-aldi/img/gallery/gall_06112024015841AM.webp]
[undgn.id/silvi-aldi/img/gallery/gall_06112024020237AM.webp]
[undgn.id/silvi-aldi/img/bank/Dana.png]
[undgn.id/silvi-aldi/img/logo/undgn.png]
[cdnjs.cloudflare.com/ajax/libs/jquery/2.1.3/jquery.min.js]
[undgn.id/silvi-aldi/js/jquery.min.js]
[code.jquery.com/jquery-3.7.0.js]
[undgn.id/silvi-aldi/js/jquery-ui.min.js]
[undgn.id/silvi-aldi/js/bootstrap.min.js]
[undgn.id/silvi-aldi/js/wow.min.js]
[undgn.id/silvi-aldi/js/custom.js]
[undgn.id/silvi-aldi/js/fss.js]
[undgn.id/silvi-aldi/js/geo.js]
[undgn.id/silvi-aldi/js/owl.carousel.min.js]
[undgn.id/silvi-aldi/js/jquery.magnific-popup.min.js]
[cdn.jsdelivr.net/npm/swiper@11/swiper-bundle.min.js]
[cdn.jsdelivr.net/npm/@fancyapps/ui@5.0/dist/fancybox/fancybox.umd.js]
[undgn.id/silvi-aldi/index47b5.html]
[undgn.id/silvi-aldi/js/swiper.js]
[undgn.id/silvi-aldi/fonts/glyphicons-halflings-regular.html]
[undgn.id/silvi-aldi/fonts/glyphicons-halflings-regulard41d.html]
[undgn.id/silvi-aldi/fonts/glyphicons-halflings-regular-2.html]
[undgn.id/silvi-aldi/fonts/glyphicons-halflings-regular-3.html]
[undgn.id/silvi-aldi/css/bootstrap.min.css]
[unpkg.com/boxicons@2.1.4/css/boxicons.min.css]
[cdnjs.cloudflare.com/ajax/libs/font-awesome/4.7.0/css/font-awesome.min.css]
[cdnjs.cloudflare.com/ajax/libs/font-awesome/5.15.4/css/all.css]
[undgn.id/silvi-aldi/fonts/glyphicons-halflings-regular-4.html]
[undgn.id/silvi-aldi/css/ilove/fonts/ilove.eot]
[undgn.id/silvi-aldi/css/ilove/fonts/iloved41d.eot]
[undgn.id/silvi-aldi/css/ilove/fonts/ilove.woff]
[undgn.id/silvi-aldi/css/ilove/fonts/ilove.ttf]
[undgn.id/silvi-aldi/css/ilove/font-ilove.css]
[cdn.jsdelivr.net/npm/sweetalert2@10.10.1/dist/sweetalert2.min.css]
[undgn.id/silvi-aldi/css/animate.css]
[undgn.id/silvi-aldi/css/magnific-popup.css]
[undgn.id/silvi-aldi/css/ilove/fonts/ilove.svg]
[undgn.id/silvi-aldi/css/owl.carousel.css]
[undgn.id/silvi-aldi/images/grabbing.html]
[undgn.id/silvi-aldi/css/owl.theme.css]
[cdn.jsdelivr.net/npm/swiper@11/swiper-bundle.min.css]
[cdn.jsdelivr.net/npm/@fancyapps/ui@5.0/dist/fancybox/fancybox.css]
[undgn.id/silvi-aldi/images/AjaxLoader.html]
[undgn.id/img/favicon/apple-icon-57x57.png]
[undgn.id/img/favicon/apple-icon-60x60.png]
[undgn.id/img/favicon/apple-icon-72x72.png]
[undgn.id/img/favicon/apple-icon-76x76.png]
[undgn.id/img/favicon/apple-icon-114x114.png]
[undgn.id/img/favicon/apple-icon-120x120.png]
[undgn.id/img/favicon/apple-icon-144x144.png]
[undgn.id/img/favicon/apple-icon-152x152.png]
[undgn.id/img/favicon/apple-icon-180x180.png]
[undgn.id/img/favicon/android-icon-192x192.png]
[undgn.id/img/favicon/favicon-32x32.png]
[undgn.id/img/favicon/favicon-96x96.png]
[undgn.id/img/favicon/favicon-16x16.png]
[undgn.id/img/favicon/ms-icon-144x144.png]
[cdn.jsdelivr.net/npm/bootstrap@5.0.2/dist/css/bootstrap.min.css]
[cdn.jsdelivr.net/npm/bootstrap@5.0.2/dist/js/bootstrap.bundle.min.js]
[undgn.id/css/bootstrap.min.css]
[undgn.id/css/animate-headline.css]
[undgn.id/css/venobox.css]
[undgn.id/css/slick.css]
[undgn.id/css/animate.css]
[undgn.id/css/normalize.css]
[undgn.id/css/main.css]
[undgn.id/css/responsive.css]
[undgn.id/js/vendor/modernizr-2.8.3.min.js]
[maxcdn.bootstrapcdn.com/font-awesome/4.5.0/css/font-awesome.min.css]
[undgn.id/css/style17.css]
[connect.facebook.net/en_US/fbevents.js]
[undgn.id/img/theme/1.jpg]
[undgn.id/img/theme/2.jpg]
[undgn.id/img/theme/3.jpg]
[undgn.id/img/theme/4.jpg]
[undgn.id/img/theme/5.jpg]
[undgn.id/img/theme/6.jpg]
[undgn.id/img/theme/7.jpg]
[undgn.id/img/theme/8.jpg]
[undgn.id/img/theme/9.jpg]
[undgn.id/img/theme/10.jpg]
[undgn.id/img/theme/11.jpg]
[undgn.id/img/theme/12.jpg]
[undgn.id/img/theme/13.jpg]
[undgn.id/img/theme/14.jpg]
[undgn.id/img/theme/15.jpg]
[undgn.id/img/theme/16.jpg]
[undgn.id/img/theme/17.jpg]
[undgn.id/img/theme/adat_1.jpg]
[undgn.id/img/theme/adat_2.jpg]
[undgn.id/img/icon-img/guarantee.png]
[undgn.id/img/icon-img/secure.png]
[undgn.id/js/vendor/jquery-1.12.4.min.js]
[undgn.id/js/bootstrap.min.js]
[undgn.id/js/ajax-mail.js]
[undgn.id/js/plugins.js]
[undgn.id/silvi-aldi/css/font/fonts/Great Vibes-script-dafont.html]
[undgn.id/silvi-aldi/css/font/fonts/MonolineSignature.html]
[undgn.id/silvi-aldi/fonts/glyphicons-halflings-regular.html]
[undgn.id/silvi-aldi/fonts/glyphicons-halflings-regulard41d.html]
[undgn.id/silvi-aldi/fonts/glyphicons-halflings-regular-2.html]
[undgn.id/silvi-aldi/fonts/glyphicons-halflings-regular-3.html]
[undgn.id/silvi-aldi/fonts/glyphicons-halflings-regular-4.html]
[undgn.id/silvi-aldi/css/ilove/fonts/ilove.svg]
[undgn.id/silvi-aldi/images/grabbing.html]
[undgn.id/silvi-aldi/images/AjaxLoader.html]
[cdn.jsdelivr.net/npm/bootstrap@5.0.2/dist/css/bootstrap.min.css]
[undgn.id/css/bootstrap.min.css]
[undgn.id/css/animate-headline.css]
[undgn.id/js/main.js]
[undgn.id/img/venobox/preload-circle.png]
[undgn.id/img/venobox/close.gif]
[undgn.id/img/venobox/prev.gif]
[undgn.id/img/venobox/next.gif]
[undgn.id/css/venobox.css]
[undgn.id/css/slick.css]
[undgn.id/css/animate.css]
[undgn.id/css/normalize.css]
[undgn.id/css/main.css]
[undgn.id/css/responsive.css]
[maxcdn.bootstrapcdn.com/font-awesome/4.5.0/css/font-awesome.min.css]
[undgn.id/css/img/bg-img/bg-1.html]
[undgn.id/css/img/video/1.html]
[undgn.id/css/img/bg-img/bg-2.html]
[undgn.id/css/style17.css]
[undgn.id/css/img/bg-img/bg-6.html]
[undgn.id/silvi-aldi/css/font/fonts/a.html]
[undgn.id/silvi-aldi/css/font/fonts/POST.html]
[undgn.id/silvi-aldi/css/font/fonts/b.html]
[connect.facebook.net/en_US/fbevents.js]
[www.googletagmanager.com/gtm5445.html]
[undgn.id/css/img/bg-img/bg-1.html]
[undgn.id/css/img/video/1.html]
[undgn.id/css/img/bg-img/bg-2.html]
[undgn.id/css/img/bg-img/bg-6.html]
[undgn.id/silvi-aldi/css/font/fonts/a.html]
[undgn.id/silvi-aldi/css/font/fonts/POST.html]
[undgn.id/signals/iwl.html]
[undgn.id/silvi-aldi/css/font/fonts/schema.org/index.html]
[undgn.id/silvi-aldi/css/font/fonts/schema.org/index.html]
[undgn.id/silvi-aldi/css/font/fonts/b.html]
[undgn.id/signals/iwl.html]
